******************************************************************************
                  MSP430 Linker PC v4.4.6                      
******************************************************************************
>> Linked Fri Dec 18 23:46:12 2015

OUTPUT FILE NAME:   <Morse.out>
ENTRY POINT SYMBOL: "_c_int00_noargs_noexit"  address: 0000c568


MEMORY CONFIGURATION

         name            origin    length      used     unused   attr    fill
----------------------  --------  ---------  --------  --------  ----  --------
  SFR                   00000000   00000010  00000000  00000010  RWIX
  PERIPHERALS_8BIT      00000010   000000f0  00000000  000000f0  RWIX
  PERIPHERALS_16BIT     00000100   00000100  00000000  00000100  RWIX
  RAM                   00000200   00000200  00000068  00000198  RWIX
  INFOD                 00001000   00000040  00000000  00000040  RWIX
  INFOC                 00001040   00000040  00000000  00000040  RWIX
  INFOB                 00001080   00000040  00000000  00000040  RWIX
  INFOA                 000010c0   00000040  00000000  00000040  RWIX
  FLASH                 0000c000   00003fde  000005fd  000039e1  RWIX
  BSLSIGNATURE          0000ffde   00000002  00000002  00000000  RWIX  ffff 
  INT00                 0000ffe0   00000002  00000002  00000000  RWIX
  INT01                 0000ffe2   00000002  00000000  00000002  RWIX
  INT02                 0000ffe4   00000002  00000002  00000000  RWIX
  INT03                 0000ffe6   00000002  00000002  00000000  RWIX
  INT04                 0000ffe8   00000002  00000000  00000002  RWIX
  INT05                 0000ffea   00000002  00000002  00000000  RWIX
  INT06                 0000ffec   00000002  00000002  00000000  RWIX
  INT07                 0000ffee   00000002  00000002  00000000  RWIX
  INT08                 0000fff0   00000002  00000002  00000000  RWIX
  INT09                 0000fff2   00000002  00000002  00000000  RWIX
  INT10                 0000fff4   00000002  00000002  00000000  RWIX
  INT11                 0000fff6   00000002  00000002  00000000  RWIX
  INT12                 0000fff8   00000002  00000002  00000000  RWIX
  INT13                 0000fffa   00000002  00000002  00000000  RWIX
  INT14                 0000fffc   00000002  00000002  00000000  RWIX
  RESET                 0000fffe   00000002  00000002  00000000  RWIX


SECTION ALLOCATION MAP

 output                                  attributes/
section   page    origin      length       input sections
--------  ----  ----------  ----------   ----------------
.bss       0    00000200    00000018     UNINITIALIZED
                  00000200    00000002     (.common:button_pressed)
                  00000202    00000002     (.common:counter)
                  00000204    00000002     (.common:dashRecognised)
                  00000206    00000002     (.common:ditRecognised)
                  00000208    00000002     (.common:error)
                  0000020a    00000002     (.common:index)
                  0000020c    00000002     (.common:process_button_pressed)
                  0000020e    00000002     (.common:process_reset)
                  00000210    00000002     (.common:sizeOfWord)
                  00000212    00000002     (.common:spaceRecognised)
                  00000214    00000002     (.common:waitingForInput)
                  00000216    00000002     (.common:wordRecognised)

.stack     0    000003b0    00000050     UNINITIALIZED
                  000003b0    00000002     rts430_eabi.lib : boot.obj (.stack)
                  000003b2    0000004e     --HOLE--

.text      0    0000c000    000005ec     
                  0000c000    0000013a     interrupts.obj (.text:timer)
                  0000c13a    000000dc     rts430_eabi.lib : cmpd.obj (.text:__mspabi_cmpd)
                  0000c216    000000d0     main.obj (.text:process_button)
                  0000c2e6    000000a2     rts430_eabi.lib : fltlid.obj (.text:__mspabi_fltlid)
                  0000c388    0000005c                     : lsr32.obj (.text:l_lsr_const)
                  0000c3e4    00000058                     : autoinit.obj (.text:_auto_init)
                  0000c43c    0000003e                     : lsl32.obj (.text:l_lsl_const)
                  0000c47a    00000038     main.obj (.text:ready_to_morse)
                  0000c4b2    00000034     main.obj (.text:main)
                  0000c4e6    00000030     interrupts.obj (.text:process_button_press)
                  0000c516    0000002c     rts430_eabi.lib : lsl16.obj (.text)
                  0000c542    00000026     setup.obj (.text:setup_timer)
                  0000c568    0000001a     rts430_eabi.lib : boot_special.obj (.text:_c_int00_noargs_noexit)
                  0000c582    0000001a     setup.obj (.text:setup_button)
                  0000c59c    00000014     rts430_eabi.lib : copy_zero_init.obj (.text:decompress:ZI:__TI_zero_init)
                  0000c5b0    00000012     setup.obj (.text:setup_LEDs)
                  0000c5c2    00000010     rts430_eabi.lib : epilog.obj (.text)
                  0000c5d2    0000000c                     : fltid.obj (.text:__mspabi_fltid)
                  0000c5de    00000006                     : isr_trap.obj (.text:_isr:__TI_ISR_TRAP)
                  0000c5e4    00000004                     : pre_init.obj (.text:_system_pre_init)
                  0000c5e8    00000004                     : exit.obj (.text:abort)

.const     0    0000c5ec    00000007     
                  0000c5ec    00000007     main.obj (.const:.string:wordToCheck)

.cinit     0    0000c5f4    0000000a     
                  0000c5f4    00000004     (.cinit..bss.load) [load image, compression = zero_init]
                  0000c5f8    00000002     (__TI_handler_table)
                  0000c5fa    00000004     (__TI_cinit_table)

.init_array 
*          0    0000c000    00000000     UNINITIALIZED

TRAPINT    0    0000ffe0    00000002     
                  0000ffe0    00000002     rts430_eabi.lib : int00.obj (.int00)

$fill000   0    0000ffde    00000002     
                  0000ffde    00000002     --HOLE-- [fill = ffff]

PORT1      0    0000ffe4    00000002     
                  0000ffe4    00000002     interrupts.obj (.int02)

PORT2      0    0000ffe6    00000002     
                  0000ffe6    00000002     rts430_eabi.lib : int03.obj (.int03)

ADC10      0    0000ffea    00000002     
                  0000ffea    00000002     rts430_eabi.lib : int05.obj (.int05)

USCIAB0TX 
*          0    0000ffec    00000002     
                  0000ffec    00000002     rts430_eabi.lib : int06.obj (.int06)

USCIAB0RX 
*          0    0000ffee    00000002     
                  0000ffee    00000002     rts430_eabi.lib : int07.obj (.int07)

TIMER0_A1 
*          0    0000fff0    00000002     
                  0000fff0    00000002     rts430_eabi.lib : int08.obj (.int08)

TIMER0_A0 
*          0    0000fff2    00000002     
                  0000fff2    00000002     interrupts.obj (.int09)

WDT        0    0000fff4    00000002     
                  0000fff4    00000002     rts430_eabi.lib : int10.obj (.int10)

COMPARATORA 
*          0    0000fff6    00000002     
                  0000fff6    00000002     rts430_eabi.lib : int11.obj (.int11)

TIMER1_A1 
*          0    0000fff8    00000002     
                  0000fff8    00000002     rts430_eabi.lib : int12.obj (.int12)

TIMER1_A0 
*          0    0000fffa    00000002     
                  0000fffa    00000002     rts430_eabi.lib : int13.obj (.int13)

NMI        0    0000fffc    00000002     
                  0000fffc    00000002     rts430_eabi.lib : int14.obj (.int14)

.reset     0    0000fffe    00000002     
                  0000fffe    00000002     rts430_eabi.lib : boot.obj (.reset)


LINKER GENERATED COPY TABLES

__TI_cinit_table @ 0000c5fa records: 1, size/record: 4, table size: 4
	.bss: load addr=0000c5f4, load size=00000004 bytes, run addr=00000200, run size=00000018 bytes, compression=zero_init


LINKER GENERATED HANDLER TABLE

__TI_handler_table @ 0000c5f8 records: 1, size/record: 2, table size: 2
	index: 0, handler: __TI_zero_init


GLOBAL SYMBOLS: SORTED ALPHABETICALLY BY Name 

address   name                    
-------   ----                    
0000004a  ADC10AE0                
000001b0  ADC10CTL0               
000001b2  ADC10CTL1               
00000048  ADC10DTC0               
00000049  ADC10DTC1               
000001b4  ADC10MEM                
000001bc  ADC10SA                 
00000057  BCSCTL1                 
00000058  BCSCTL2                 
00000053  BCSCTL3                 
0000c5e8  C$$EXIT                 
00000059  CACTL1                  
0000005a  CACTL2                  
000010fb  CALBC1_12MHZ            
000010f9  CALBC1_16MHZ            
000010ff  CALBC1_1MHZ             
000010fd  CALBC1_8MHZ             
000010fa  CALDCO_12MHZ            
000010f8  CALDCO_16MHZ            
000010fe  CALDCO_1MHZ             
000010fc  CALDCO_8MHZ             
0000005b  CAPD                    
00000056  DCOCTL                  
00000128  FCTL1                   
0000012a  FCTL2                   
0000012c  FCTL3                   
00000000  IE1                     
00000001  IE2                     
00000002  IFG1                    
00000003  IFG2                    
00000022  P1DIR                   
00000025  P1IE                    
00000024  P1IES                   
00000023  P1IFG                   
00000020  P1IN                    
00000021  P1OUT                   
00000027  P1REN                   
00000026  P1SEL                   
00000041  P1SEL2                  
0000002a  P2DIR                   
0000002d  P2IE                    
0000002c  P2IES                   
0000002b  P2IFG                   
00000028  P2IN                    
00000029  P2OUT                   
0000002f  P2REN                   
0000002e  P2SEL                   
00000042  P2SEL2                  
0000001a  P3DIR                   
00000018  P3IN                    
00000019  P3OUT                   
00000010  P3REN                   
0000001b  P3SEL                   
00000043  P3SEL2                  
00000172  TA0CCR0                 
00000174  TA0CCR1                 
00000176  TA0CCR2                 
00000162  TA0CCTL0                
00000164  TA0CCTL1                
00000166  TA0CCTL2                
00000160  TA0CTL                  
0000012e  TA0IV                   
00000170  TA0R                    
00000192  TA1CCR0                 
00000194  TA1CCR1                 
00000196  TA1CCR2                 
00000182  TA1CCTL0                
00000184  TA1CCTL1                
00000186  TA1CCTL2                
00000180  TA1CTL                  
0000011e  TA1IV                   
00000190  TA1R                    
000010db  TLV_ADC10_1_LEN         
000010da  TLV_ADC10_1_TAG         
000010c0  TLV_CHECKSUM            
000010f7  TLV_DCO_30_LEN          
000010f6  TLV_DCO_30_TAG          
0000005d  UCA0ABCTL               
00000062  UCA0BR0                 
00000063  UCA0BR1                 
00000060  UCA0CTL0                
00000061  UCA0CTL1                
0000005f  UCA0IRRCTL              
0000005e  UCA0IRTCTL              
00000064  UCA0MCTL                
00000066  UCA0RXBUF               
00000065  UCA0STAT                
00000067  UCA0TXBUF               
0000006a  UCB0BR0                 
0000006b  UCB0BR1                 
00000068  UCB0CTL0                
00000069  UCB0CTL1                
0000006c  UCB0I2CIE               
00000118  UCB0I2COA               
0000011a  UCB0I2CSA               
0000006e  UCB0RXBUF               
0000006d  UCB0STAT                
0000006f  UCB0TXBUF               
00000120  WDTCTL                  
00000400  __STACK_END             
00000050  __STACK_SIZE            
0000c5fa  __TI_CINIT_Base         
0000c5fe  __TI_CINIT_Limit        
0000c5f8  __TI_Handler_Table_Base 
0000c5fa  __TI_Handler_Table_Limit
UNDEFED   __TI_INITARRAY_Base     
UNDEFED   __TI_INITARRAY_Limit    
0000c5de  __TI_ISR_TRAP           
0000ffe0  __TI_int00              
0000ffe4  __TI_int02              
0000ffe6  __TI_int03              
0000ffea  __TI_int05              
0000ffec  __TI_int06              
0000ffee  __TI_int07              
0000fff0  __TI_int08              
0000fff2  __TI_int09              
0000fff4  __TI_int10              
0000fff6  __TI_int11              
0000fff8  __TI_int12              
0000fffa  __TI_int13              
0000fffc  __TI_int14              
0000c59c  __TI_zero_init          
ffffffff  __binit__               
ffffffff  __c_args__              
0000c13a  __mspabi_cmpd           
0000c5d2  __mspabi_fltid          
0000c2e6  __mspabi_fltlid         
0000c5ce  __mspabi_func_epilog_1  
0000c5cc  __mspabi_func_epilog_2  
0000c5ca  __mspabi_func_epilog_3  
0000c5c8  __mspabi_func_epilog_4  
0000c5c6  __mspabi_func_epilog_5  
0000c5c4  __mspabi_func_epilog_6  
0000c5c2  __mspabi_func_epilog_7  
0000c516  __mspabi_slli           
0000c53e  __mspabi_slli_1         
0000c52c  __mspabi_slli_10        
0000c52a  __mspabi_slli_11        
0000c528  __mspabi_slli_12        
0000c526  __mspabi_slli_13        
0000c524  __mspabi_slli_14        
0000c522  __mspabi_slli_15        
0000c53c  __mspabi_slli_2         
0000c53a  __mspabi_slli_3         
0000c538  __mspabi_slli_4         
0000c536  __mspabi_slli_5         
0000c534  __mspabi_slli_6         
0000c532  __mspabi_slli_7         
0000c530  __mspabi_slli_8         
0000c52e  __mspabi_slli_9         
0000c474  __mspabi_slll_1         
0000c450  __mspabi_slll_10        
0000c44c  __mspabi_slll_11        
0000c448  __mspabi_slll_12        
0000c444  __mspabi_slll_13        
0000c440  __mspabi_slll_14        
0000c43c  __mspabi_slll_15        
0000c470  __mspabi_slll_2         
0000c46c  __mspabi_slll_3         
0000c468  __mspabi_slll_4         
0000c464  __mspabi_slll_5         
0000c460  __mspabi_slll_6         
0000c45c  __mspabi_slll_7         
0000c458  __mspabi_slll_8         
0000c454  __mspabi_slll_9         
0000c3dc  __mspabi_srll_1         
0000c3a6  __mspabi_srll_10        
0000c3a0  __mspabi_srll_11        
0000c39a  __mspabi_srll_12        
0000c394  __mspabi_srll_13        
0000c38e  __mspabi_srll_14        
0000c388  __mspabi_srll_15        
0000c3d6  __mspabi_srll_2         
0000c3d0  __mspabi_srll_3         
0000c3ca  __mspabi_srll_4         
0000c3c4  __mspabi_srll_5         
0000c3be  __mspabi_srll_6         
0000c3b8  __mspabi_srll_7         
0000c3b2  __mspabi_srll_8         
0000c3ac  __mspabi_srll_9         
0000c3e4  _auto_init              
0000c568  _c_int00_noargs_noexit  
0000fffe  _reset_vector           
000003b0  _stack                  
0000c5e4  _system_pre_init        
0000c5e8  abort                   
ffffffff  binit                   
00000200  button_pressed          
00000202  counter                 
00000204  dashRecognised          
00000206  ditRecognised           
00000208  error                   
0000020a  index                   
0000c4b2  main                    
0000c216  process_button          
0000c4e6  process_button_press    
0000020c  process_button_pressed  
0000020e  process_reset           
0000c47a  ready_to_morse          
0000c5b0  setup_LEDs              
0000c582  setup_button            
0000c542  setup_timer             
00000210  sizeOfWord              
00000212  spaceRecognised         
0000c000  timer                   
00000214  waitingForInput         
00000216  wordRecognised          
0000c5ec  wordToCheck             


GLOBAL SYMBOLS: SORTED BY Symbol Address 

address   name                    
-------   ----                    
00000000  IE1                     
00000001  IE2                     
00000002  IFG1                    
00000003  IFG2                    
00000010  P3REN                   
00000018  P3IN                    
00000019  P3OUT                   
0000001a  P3DIR                   
0000001b  P3SEL                   
00000020  P1IN                    
00000021  P1OUT                   
00000022  P1DIR                   
00000023  P1IFG                   
00000024  P1IES                   
00000025  P1IE                    
00000026  P1SEL                   
00000027  P1REN                   
00000028  P2IN                    
00000029  P2OUT                   
0000002a  P2DIR                   
0000002b  P2IFG                   
0000002c  P2IES                   
0000002d  P2IE                    
0000002e  P2SEL                   
0000002f  P2REN                   
00000041  P1SEL2                  
00000042  P2SEL2                  
00000043  P3SEL2                  
00000048  ADC10DTC0               
00000049  ADC10DTC1               
0000004a  ADC10AE0                
00000050  __STACK_SIZE            
00000053  BCSCTL3                 
00000056  DCOCTL                  
00000057  BCSCTL1                 
00000058  BCSCTL2                 
00000059  CACTL1                  
0000005a  CACTL2                  
0000005b  CAPD                    
0000005d  UCA0ABCTL               
0000005e  UCA0IRTCTL              
0000005f  UCA0IRRCTL              
00000060  UCA0CTL0                
00000061  UCA0CTL1                
00000062  UCA0BR0                 
00000063  UCA0BR1                 
00000064  UCA0MCTL                
00000065  UCA0STAT                
00000066  UCA0RXBUF               
00000067  UCA0TXBUF               
00000068  UCB0CTL0                
00000069  UCB0CTL1                
0000006a  UCB0BR0                 
0000006b  UCB0BR1                 
0000006c  UCB0I2CIE               
0000006d  UCB0STAT                
0000006e  UCB0RXBUF               
0000006f  UCB0TXBUF               
00000118  UCB0I2COA               
0000011a  UCB0I2CSA               
0000011e  TA1IV                   
00000120  WDTCTL                  
00000128  FCTL1                   
0000012a  FCTL2                   
0000012c  FCTL3                   
0000012e  TA0IV                   
00000160  TA0CTL                  
00000162  TA0CCTL0                
00000164  TA0CCTL1                
00000166  TA0CCTL2                
00000170  TA0R                    
00000172  TA0CCR0                 
00000174  TA0CCR1                 
00000176  TA0CCR2                 
00000180  TA1CTL                  
00000182  TA1CCTL0                
00000184  TA1CCTL1                
00000186  TA1CCTL2                
00000190  TA1R                    
00000192  TA1CCR0                 
00000194  TA1CCR1                 
00000196  TA1CCR2                 
000001b0  ADC10CTL0               
000001b2  ADC10CTL1               
000001b4  ADC10MEM                
000001bc  ADC10SA                 
00000200  button_pressed          
00000202  counter                 
00000204  dashRecognised          
00000206  ditRecognised           
00000208  error                   
0000020a  index                   
0000020c  process_button_pressed  
0000020e  process_reset           
00000210  sizeOfWord              
00000212  spaceRecognised         
00000214  waitingForInput         
00000216  wordRecognised          
000003b0  _stack                  
00000400  __STACK_END             
000010c0  TLV_CHECKSUM            
000010da  TLV_ADC10_1_TAG         
000010db  TLV_ADC10_1_LEN         
000010f6  TLV_DCO_30_TAG          
000010f7  TLV_DCO_30_LEN          
000010f8  CALDCO_16MHZ            
000010f9  CALBC1_16MHZ            
000010fa  CALDCO_12MHZ            
000010fb  CALBC1_12MHZ            
000010fc  CALDCO_8MHZ             
000010fd  CALBC1_8MHZ             
000010fe  CALDCO_1MHZ             
000010ff  CALBC1_1MHZ             
0000c000  timer                   
0000c13a  __mspabi_cmpd           
0000c216  process_button          
0000c2e6  __mspabi_fltlid         
0000c388  __mspabi_srll_15        
0000c38e  __mspabi_srll_14        
0000c394  __mspabi_srll_13        
0000c39a  __mspabi_srll_12        
0000c3a0  __mspabi_srll_11        
0000c3a6  __mspabi_srll_10        
0000c3ac  __mspabi_srll_9         
0000c3b2  __mspabi_srll_8         
0000c3b8  __mspabi_srll_7         
0000c3be  __mspabi_srll_6         
0000c3c4  __mspabi_srll_5         
0000c3ca  __mspabi_srll_4         
0000c3d0  __mspabi_srll_3         
0000c3d6  __mspabi_srll_2         
0000c3dc  __mspabi_srll_1         
0000c3e4  _auto_init              
0000c43c  __mspabi_slll_15        
0000c440  __mspabi_slll_14        
0000c444  __mspabi_slll_13        
0000c448  __mspabi_slll_12        
0000c44c  __mspabi_slll_11        
0000c450  __mspabi_slll_10        
0000c454  __mspabi_slll_9         
0000c458  __mspabi_slll_8         
0000c45c  __mspabi_slll_7         
0000c460  __mspabi_slll_6         
0000c464  __mspabi_slll_5         
0000c468  __mspabi_slll_4         
0000c46c  __mspabi_slll_3         
0000c470  __mspabi_slll_2         
0000c474  __mspabi_slll_1         
0000c47a  ready_to_morse          
0000c4b2  main                    
0000c4e6  process_button_press    
0000c516  __mspabi_slli           
0000c522  __mspabi_slli_15        
0000c524  __mspabi_slli_14        
0000c526  __mspabi_slli_13        
0000c528  __mspabi_slli_12        
0000c52a  __mspabi_slli_11        
0000c52c  __mspabi_slli_10        
0000c52e  __mspabi_slli_9         
0000c530  __mspabi_slli_8         
0000c532  __mspabi_slli_7         
0000c534  __mspabi_slli_6         
0000c536  __mspabi_slli_5         
0000c538  __mspabi_slli_4         
0000c53a  __mspabi_slli_3         
0000c53c  __mspabi_slli_2         
0000c53e  __mspabi_slli_1         
0000c542  setup_timer             
0000c568  _c_int00_noargs_noexit  
0000c582  setup_button            
0000c59c  __TI_zero_init          
0000c5b0  setup_LEDs              
0000c5c2  __mspabi_func_epilog_7  
0000c5c4  __mspabi_func_epilog_6  
0000c5c6  __mspabi_func_epilog_5  
0000c5c8  __mspabi_func_epilog_4  
0000c5ca  __mspabi_func_epilog_3  
0000c5cc  __mspabi_func_epilog_2  
0000c5ce  __mspabi_func_epilog_1  
0000c5d2  __mspabi_fltid          
0000c5de  __TI_ISR_TRAP           
0000c5e4  _system_pre_init        
0000c5e8  C$$EXIT                 
0000c5e8  abort                   
0000c5ec  wordToCheck             
0000c5f8  __TI_Handler_Table_Base 
0000c5fa  __TI_CINIT_Base         
0000c5fa  __TI_Handler_Table_Limit
0000c5fe  __TI_CINIT_Limit        
0000ffe0  __TI_int00              
0000ffe4  __TI_int02              
0000ffe6  __TI_int03              
0000ffea  __TI_int05              
0000ffec  __TI_int06              
0000ffee  __TI_int07              
0000fff0  __TI_int08              
0000fff2  __TI_int09              
0000fff4  __TI_int10              
0000fff6  __TI_int11              
0000fff8  __TI_int12              
0000fffa  __TI_int13              
0000fffc  __TI_int14              
0000fffe  _reset_vector           
ffffffff  __binit__               
ffffffff  __c_args__              
ffffffff  binit                   
UNDEFED   __TI_INITARRAY_Base     
UNDEFED   __TI_INITARRAY_Limit    

[208 symbols]
